#-----------------------------------------------------------
# Vivado v2019.1 (64-bit)
# SW Build 2552052 on Fri May 24 14:49:42 MDT 2019
# IP Build 2548770 on Fri May 24 18:01:18 MDT 2019
# Start of session at: Wed Dec 16 14:42:00 2020
# Process ID: 3324
# Current directory: C:/Users/diana/Desktop/SSC2/incercProiectNou
# Command line: vivado.exe -gui_launcher_event rodinguilauncherevent1088 C:\Users\diana\Desktop\SSC2\incercProiectNou\incercProiectNou.xpr
# Log file: C:/Users/diana/Desktop/SSC2/incercProiectNou/vivado.log
# Journal file: C:/Users/diana/Desktop/SSC2/incercProiectNou\vivado.jou
#-----------------------------------------------------------
start_gui
open_project C:/Users/diana/Desktop/SSC2/incercProiectNou/incercProiectNou.xpr
update_compile_order -fileset sources_1
open_hw
connect_hw_server -url localhost:3121
current_hw_target [get_hw_targets */xilinx_tcf/Digilent/210183A38A23A]
set_property PARAM.FREQUENCY 15000000 [get_hw_targets */xilinx_tcf/Digilent/210183A38A23A]
open_hw_target
set_property PROGRAM.FILE {C:/Users/diana/Desktop/SSC2/incercProiectNou/incercProiectNou.runs/impl_1/modPrin.bit} [get_hw_devices xc7a35t_0]
current_hw_device [get_hw_devices xc7a35t_0]
refresh_hw_device -update_hw_probes false [lindex [get_hw_devices xc7a35t_0] 0]
set_property PROBES.FILE {} [get_hw_devices xc7a35t_0]
set_property FULL_PROBES.FILE {} [get_hw_devices xc7a35t_0]
set_property PROGRAM.FILE {C:/Users/diana/Desktop/SSC2/incercProiectNou/incercProiectNou.runs/impl_1/modPrin.bit} [get_hw_devices xc7a35t_0]
program_hw_devices [get_hw_devices xc7a35t_0]
refresh_hw_device [lindex [get_hw_devices xc7a35t_0] 0]
